// Jest Snapshot v1, https://goo.gl/fbAQLP

exports[`ChallengeBitIcon should render correctly 1`] = `[Function]`;
