// Jest Snapshot v1, https://goo.gl/fbAQLP

exports[`Home Screen should render screen with one operation 1`] = `[Function]`;
