// Jest Snapshot v1, https://goo.gl/fbAQLP

exports[`LineHorizontal renders correctly 1`] = `[Function]`;
